\BOOKMARK [1][-]{section.1}{\376\377\200\003\160\271\127\060\126\376\116\016\131\015\116\140\173\126\165\145}{}% 1
\BOOKMARK [2][-]{subsection.1.1}{\376\377\232\330\151\202\163\207\230\230\127\213}{section.1}% 2
\BOOKMARK [2][-]{subsection.1.2}{\376\377\000L\000a\000b\000s\000\040\116\016\000\040\000P\000r\000o\000j\000e\000c\000t\000s\000\040\133\371\136\224\121\163\174\373}{section.1}% 3
\BOOKMARK [1][-]{section.2}{\376\377\000S\000e\000a\000r\000c\000h\000\040\116\016\000\040\000O\000p\000t\000i\000m\000i\000z\000a\000t\000i\000o\000n}{}% 4
\BOOKMARK [2][-]{subsection.2.1}{\376\377\144\034\175\042\225\356\230\230\133\232\116\111}{section.2}% 5
\BOOKMARK [2][-]{subsection.2.2}{\376\377\000B\000F\000S\000,\000\040\000U\000C\000S\000,\000\040\000G\000r\000e\000e\000d\000y\000,\000\040\000A\000*}{section.2}% 6
\BOOKMARK [2][-]{subsection.2.3}{\376\377\150\067\123\167\230\230\377\032\154\102\217\271\147\103\000\040\000c\000\040\166\204\203\003\126\364}{section.2}% 7
\BOOKMARK [2][-]{subsection.2.4}{\376\377\000B\000e\000y\000o\000n\000d\000\040\000C\000l\000a\000s\000s\000i\000c\000a\000l\000\040\000S\000e\000a\000r\000c\000h\000\040\116\016\000\040\000P\000r\000o\000j\000e\000c\000t\0001}{section.2}% 8
\BOOKMARK [1][-]{section.3}{\376\377\000A\000d\000v\000e\000r\000s\000a\000r\000i\000a\000l\000\040\000S\000e\000a\000r\000c\000h}{}% 9
\BOOKMARK [2][-]{subsection.3.1}{\376\377\000M\000i\000n\000i\000m\000a\000x}{section.3}% 10
\BOOKMARK [2][-]{subsection.3.2}{\376\377\000A\000l\000p\000h\000a\040\023\000B\000e\000t\000a\000\040\000P\000r\000u\000n\000i\000n\000g}{section.3}% 11
\BOOKMARK [1][-]{section.4}{\376\377\000C\000S\000P\000\040\116\016\000\040\000A\000C\000-\0003}{}% 12
\BOOKMARK [2][-]{subsection.4.1}{\376\377\000C\000S\000P\000\040\116\011\121\103\176\304}{section.4}% 13
\BOOKMARK [2][-]{subsection.4.2}{\376\377\000A\000C\000-\0003}{section.4}% 14
\BOOKMARK [2][-]{subsection.4.3}{\376\377\000A\000C\000-\0003\000\040\117\213\230\230\152\041\147\177}{section.4}% 15
\BOOKMARK [1][-]{section.5}{\376\377\000L\000o\000g\000i\000c\000,\000\040\000C\000N\000F\000,\000\040\000D\000P\000L\000L\000\040\116\016\000\040\000R\000e\000s\000o\000l\000u\000t\000i\000o\000n}{}% 16
\BOOKMARK [2][-]{subsection.5.1}{\376\377\137\305\200\314\173\111\116\367\137\017}{section.5}% 17
\BOOKMARK [2][-]{subsection.5.2}{\376\377\000C\000N\000F\000\040\217\154\143\142\152\041\147\177}{section.5}% 18
\BOOKMARK [2][-]{subsection.5.3}{\376\377\000L\000o\000g\000i\000c\000\040\000a\000n\000d\000\040\000B\000a\000y\000e\000s\000i\000a\000n\000\040\000Q\000u\000e\000s\000t\000i\000o\000n\000s\377\032\143\222\164\003\226\037\136\372\152\041}{section.5}% 19
\BOOKMARK [2][-]{subsection.5.4}{\376\377\000F\000O\000L\000\040\000R\000e\000s\000o\000l\000u\000t\000i\000o\000n}{section.5}% 20
\BOOKMARK [1][-]{section.6}{\376\377\000M\000a\000c\000h\000i\000n\000e\000\040\000L\000e\000a\000r\000n\000i\000n\000g\000\040\127\372\147\054\123\237\122\031}{}% 21
\BOOKMARK [1][-]{section.7}{\376\377\000P\000e\000r\000c\000e\000p\000t\000r\000o\000n\000\040\116\016\000\040\000L\000o\000g\000i\000s\000t\000i\000c\000\040\000R\000e\000g\000r\000e\000s\000s\000i\000o\000n}{}% 22
\BOOKMARK [2][-]{subsection.7.1}{\376\377\000P\000e\000r\000c\000e\000p\000t\000r\000o\000n}{section.7}% 23
\BOOKMARK [2][-]{subsection.7.2}{\376\377\000L\000o\000g\000i\000s\000t\000i\000c\000\040\000R\000e\000g\000r\000e\000s\000s\000i\000o\000n}{section.7}% 24
\BOOKMARK [1][-]{section.8}{\376\377\000S\000V\000M}{}% 25
\BOOKMARK [2][-]{subsection.8.1}{\376\377\000H\000a\000r\000d\000\040\000M\000a\000r\000g\000i\000n}{section.8}% 26
\BOOKMARK [2][-]{subsection.8.2}{\376\377\000S\000o\000f\000t\000\040\000M\000a\000r\000g\000i\000n}{section.8}% 27
\BOOKMARK [2][-]{subsection.8.3}{\376\377\000K\000e\000r\000n\000e\000l\000\040\000T\000r\000i\000c\000k}{section.8}% 28
\BOOKMARK [1][-]{section.9}{\376\377\000N\000a\000i\000v\000e\000\040\000B\000a\000y\000e\000s\000\040\116\016\000\040\000B\000a\000y\000e\000s\000i\000a\000n\000\040\000N\000e\000t\000w\000o\000r\000k\000s}{}% 29
\BOOKMARK [2][-]{subsection.9.1}{\376\377\000N\000a\000i\000v\000e\000\040\000B\000a\000y\000e\000s}{section.9}% 30
\BOOKMARK [2][-]{subsection.9.2}{\376\377\000B\000a\000y\000e\000s\000i\000a\000n\000\040\000N\000e\000t\000w\000o\000r\000k}{section.9}% 31
\BOOKMARK [2][-]{subsection.9.3}{\376\377\000B\000a\000y\000e\000s\000\040\000R\000u\000l\000e\000\040\117\213\230\230}{section.9}% 32
\BOOKMARK [2][-]{subsection.9.4}{\376\377\000S\000a\000m\000p\000l\000i\000n\000g}{section.9}% 33
\BOOKMARK [1][-]{section.10}{\376\377\000E\000v\000a\000l\000u\000a\000t\000i\000o\000n\000,\000\040\000T\000r\000e\000e\000\040\116\016\000\040\000G\000e\000n\000e\000r\000a\000l\000i\000z\000a\000t\000i\000o\000n}{}% 34
\BOOKMARK [2][-]{subsection.10.1}{\376\377\000C\000o\000n\000f\000u\000s\000i\000o\000n\000\040\000M\000a\000t\000r\000i\000x}{section.10}% 35
\BOOKMARK [2][-]{subsection.10.2}{\376\377\000G\000e\000n\000e\000r\000a\000l\000i\000z\000a\000t\000i\000o\000n\000\040\116\016\000\040\000T\000u\000n\000i\000n\000g}{section.10}% 36
\BOOKMARK [2][-]{subsection.10.3}{\376\377\000D\000e\000c\000i\000s\000i\000o\000n\000\040\000T\000r\000e\000e}{section.10}% 37
\BOOKMARK [1][-]{section.11}{\376\377\000U\000n\000s\000u\000p\000e\000r\000v\000i\000s\000e\000d\000\040\000L\000e\000a\000r\000n\000i\000n\000g}{}% 38
\BOOKMARK [2][-]{subsection.11.1}{\376\377\000K\000-\000m\000e\000a\000n\000s}{section.11}% 39
\BOOKMARK [2][-]{subsection.11.2}{\376\377\000P\000C\000A}{section.11}% 40
\BOOKMARK [2][-]{subsection.11.3}{\376\377\000L\000L\000E}{section.11}% 41
\BOOKMARK [1][-]{section.12}{\376\377\000R\000e\000c\000o\000m\000m\000e\000n\000d\000e\000r\000\040\000S\000y\000s\000t\000e\000m\000s\000\040\116\016\000\040\000K\000n\000o\000w\000l\000e\000d\000g\000e\000\040\000G\000r\000a\000p\000h\000s}{}% 42
\BOOKMARK [2][-]{subsection.12.1}{\376\377\143\250\203\120\174\373\176\337\127\372\170\100}{section.12}% 43
\BOOKMARK [2][-]{subsection.12.2}{\376\377\000P\000e\000a\000r\000s\000o\000n\000\040\000S\000i\000m\000i\000l\000a\000r\000i\000t\000y}{section.12}% 44
\BOOKMARK [2][-]{subsection.12.3}{\376\377\000M\000a\000t\000r\000i\000x\000\040\000F\000a\000c\000t\000o\000r\000i\000z\000a\000t\000i\000o\000n}{section.12}% 45
\BOOKMARK [2][-]{subsection.12.4}{\376\377\000K\000n\000o\000w\000l\000e\000d\000g\000e\000\040\000G\000r\000a\000p\000h}{section.12}% 46
\BOOKMARK [3][-]{subsubsection.12.4.1}{\376\377\000K\000G\000\040\000C\000o\000n\000s\000t\000r\000u\000c\000t\000i\000o\000n}{subsection.12.4}% 47
\BOOKMARK [3][-]{subsubsection.12.4.2}{\376\377\000K\000n\000o\000w\000l\000e\000d\000g\000e\000\040\000G\000r\000a\000p\000h\000\040\000C\000o\000m\000p\000l\000e\000t\000i\000o\000n}{subsection.12.4}% 48
\BOOKMARK [3][-]{subsubsection.12.4.3}{\376\377\000K\000G\000-\000B\000a\000s\000e\000d\000\040\000R\000e\000c\000o\000m\000m\000e\000n\000d\000e\000r\000\040\000S\000y\000s\000t\000e\000m}{subsection.12.4}% 49
\BOOKMARK [1][-]{section.13}{\376\377\000P\000P\000T\000\040\137\072\214\003\166\204\151\202\137\365\225\356\173\124}{}% 50
\BOOKMARK [2][-]{subsection.13.1}{\376\377\000S\000e\000a\000r\000c\000h\000\040\116\016\000\040\000P\000r\000o\000b\000l\000e\000m\000-\000S\000p\000e\000c\000i\000f\000i\000c\000\040\000S\000e\000a\000r\000c\000h}{section.13}% 51
\BOOKMARK [2][-]{subsection.13.2}{\376\377\000B\000e\000y\000o\000n\000d\000\040\000C\000l\000a\000s\000s\000i\000c\000a\000l\000\040\000S\000e\000a\000r\000c\000h\000\040\116\016\000\040\000E\000v\000o\000l\000u\000t\000i\000o\000n\000a\000r\000y\000\040\000S\000e\000a\000r\000c\000h}{section.13}% 52
\BOOKMARK [2][-]{subsection.13.3}{\376\377\000M\000a\000c\000h\000i\000n\000e\000\040\000L\000e\000a\000r\000n\000i\000n\000g\000\040\116\016\000\040\000E\000v\000a\000l\000u\000a\000t\000i\000o\000n}{section.13}% 53
\BOOKMARK [2][-]{subsection.13.4}{\376\377\000S\000V\000M\000,\000\040\000N\000e\000u\000r\000a\000l\000\040\000N\000e\000t\000w\000o\000r\000k\000\040\116\016\000\040\000U\000n\000s\000u\000p\000e\000r\000v\000i\000s\000e\000d\000\040\000L\000e\000a\000r\000n\000i\000n\000g}{section.13}% 54
\BOOKMARK [2][-]{subsection.13.5}{\376\377\000L\000o\000g\000i\000c\000,\000\040\000F\000O\000L\000,\000\040\000B\000N\000\040\116\016\000\040\000K\000G}{section.13}% 55
\BOOKMARK [1][-]{section.14}{\376\377\000G\000e\000n\000e\000t\000i\000c\000\040\000A\000l\000g\000o\000r\000i\000t\000h\000m\000\040\116\016\000\040\000F\000a\000i\000r\000\040\000C\000o\000m\000p\000a\000r\000i\000s\000o\000n}{}% 56
\BOOKMARK [1][-]{section.15}{\376\377\000R\000e\000i\000n\000f\000o\000r\000c\000e\000m\000e\000n\000t\000\040\000L\000e\000a\000r\000n\000i\000n\000g}{}% 57
\BOOKMARK [1][-]{section.16}{\376\377\200\003\122\115\147\000\124\016\150\300\147\345\156\005\123\125}{}% 58
