\BOOKMARK [1][-]{section.1}{\376\377\000T\000a\000s\000k\000\040\0001}{}% 1
\BOOKMARK [1][-]{section.2}{\376\377\000T\000a\000s\000k\000\040\0002}{}% 2
\BOOKMARK [2][-]{subsection.2.1}{\376\377\000P\000e\000r\000c\000e\000p\000t\000r\000o\000n\000\040\000M\000o\000d\000e\000l\000\040\000T\000r\000a\000i\000n\000i\000n\000g\000\040\000a\000n\000d\000\040\000F\000e\000a\000t\000u\000r\000e\000\040\000S\000e\000l\000e\000c\000t\000i\000o\000n}{section.2}% 3
\BOOKMARK [3][-]{subsubsection.2.1.1}{\376\377\000W\000e\000i\000g\000h\000t\000\040\000U\000p\000d\000a\000t\000e\000\040\000R\000u\000l\000e}{subsection.2.1}% 4
\BOOKMARK [3][-]{subsubsection.2.1.2}{\376\377\000F\000i\000r\000s\000t\000\040\000W\000e\000i\000g\000h\000t\000\040\000U\000p\000d\000a\000t\000e}{subsection.2.1}% 5
\BOOKMARK [2][-]{subsection.2.2}{\376\377\000S\000c\000e\000n\000a\000r\000i\000o\000\040\000A\000n\000a\000l\000y\000s\000i\000s}{section.2}% 6
\BOOKMARK [3][-]{subsubsection.2.2.1}{\376\377\000S\000c\000e\000n\000a\000r\000i\000o\000\040\000\050\000i\000\051\000:\000\040\000A\000\040\000+\000\040\000B\000\040\000>\000\040\0008}{subsection.2.2}% 7
\BOOKMARK [3][-]{subsubsection.2.2.2}{\376\377\000S\000c\000e\000n\000a\000r\000i\000o\000\040\000\050\000i\000i\000\051\000:\000\040\000A\000\040\000\173\0002\000,\0003\000\175\000\040\000a\000n\000d\000\040\000B\000\040\000\173\0002\000,\0003\000\175}{subsection.2.2}% 8
\BOOKMARK [3][-]{subsubsection.2.2.3}{\376\377\000S\000c\000e\000n\000a\000r\000i\000o\000\040\000\050\000i\000i\000i\000\051\000:\000\040\000A\000\040\000=\000\040\000B}{subsection.2.2}% 9
\BOOKMARK [2][-]{subsection.2.3}{\376\377\000V\000i\000s\000u\000a\000l\000i\000z\000a\000t\000i\000o\000n}{section.2}% 10
\BOOKMARK [1][-]{section.3}{\376\377\000T\000a\000s\000k\000\040\0003}{}% 11
\BOOKMARK [2][-]{subsection.3.1}{\376\377\000S\000o\000f\000t\000\040\000M\000a\000r\000g\000i\000n\000\040\000S\000V\000M}{section.3}% 12
\BOOKMARK [2][-]{subsection.3.2}{\376\377\000R\000o\000l\000e\000\040\000o\000f\000\040\000t\000h\000e\000\040\000R\000e\000g\000u\000l\000a\000r\000i\000z\000a\000t\000i\000o\000n\000\040\000P\000a\000r\000a\000m\000e\000t\000e\000r\000\040\000C}{section.3}% 13
\BOOKMARK [2][-]{subsection.3.3}{\376\377\000E\000x\000p\000e\000r\000i\000m\000e\000n\000t\000a\000l\000\040\000R\000e\000s\000u\000l\000t\000s}{section.3}% 14
\BOOKMARK [2][-]{subsection.3.4}{\376\377\000O\000b\000s\000e\000r\000v\000a\000t\000i\000o\000n\000\040\000a\000n\000d\000\040\000T\000r\000a\000d\000e\000-\000o\000f\000f\000\040\000A\000n\000a\000l\000y\000s\000i\000s}{section.3}% 15
\BOOKMARK [1][-]{section.4}{\376\377\000T\000a\000s\000k\000\040\0004}{}% 16
\BOOKMARK [2][-]{subsection.4.1}{\376\377\000D\000e\000c\000i\000s\000i\000o\000n\000\040\000T\000r\000e\000e\000\040\000C\000o\000n\000s\000t\000r\000u\000c\000t\000i\000o\000n}{section.4}% 17
\BOOKMARK [3][-]{subsubsection.4.1.1}{\376\377\000C\000h\000o\000o\000s\000i\000n\000g\000\040\000S\000p\000l\000i\000t\000t\000i\000n\000g\000\040\000F\000e\000a\000t\000u\000r\000e\000s}{subsection.4.1}% 18
\BOOKMARK [3][-]{subsubsection.4.1.2}{\376\377\000F\000e\000a\000t\000u\000r\000e\000\040\000I\000m\000p\000o\000r\000t\000a\000n\000c\000e}{subsection.4.1}% 19
\BOOKMARK [2][-]{subsection.4.2}{\376\377\000I\000m\000p\000a\000c\000t\000\040\000o\000f\000\040\000T\000r\000e\000e\000\040\000D\000e\000p\000t\000h}{section.4}% 20
\BOOKMARK [2][-]{subsection.4.3}{\376\377\000P\000r\000u\000n\000i\000n\000g\000\040\000a\000n\000d\000\040\000O\000v\000e\000r\000f\000i\000t\000t\000i\000n\000g\000\040\000P\000r\000e\000v\000e\000n\000t\000i\000o\000n}{section.4}% 21
\BOOKMARK [1][-]{section.5}{\376\377\000T\000a\000s\000k\000\040\0005}{}% 22
